Spell Check	UNKNOWN STEP	ï»¿2026-02-03T17:06:39.3027452Z Current runner version: '2.331.0'
Spell Check	UNKNOWN STEP	2026-02-03T17:06:39.3050684Z ##[group]Runner Image Provisioner
Spell Check	UNKNOWN STEP	2026-02-03T17:06:39.3051496Z Hosted Compute Agent
Spell Check	UNKNOWN STEP	2026-02-03T17:06:39.3052089Z Version: 20260123.484
Spell Check	UNKNOWN STEP	2026-02-03T17:06:39.3052718Z Commit: 6bd6555ca37d84114959e1c76d2c01448ff61c5d
Spell Check	UNKNOWN STEP	2026-02-03T17:06:39.3053380Z Build Date: 2026-01-23T19:41:17Z
Spell Check	UNKNOWN STEP	2026-02-03T17:06:39.3054084Z Worker ID: {80823770-d7c2-4ae1-a956-7722e41184e1}
Spell Check	UNKNOWN STEP	2026-02-03T17:06:39.3054826Z Azure Region: westus
Spell Check	UNKNOWN STEP	2026-02-03T17:06:39.3055334Z ##[endgroup]
Spell Check	UNKNOWN STEP	2026-02-03T17:06:39.3056903Z ##[group]Operating System
Spell Check	UNKNOWN STEP	2026-02-03T17:06:39.3057491Z Ubuntu
Spell Check	UNKNOWN STEP	2026-02-03T17:06:39.3057957Z 24.04.3
Spell Check	UNKNOWN STEP	2026-02-03T17:06:39.3058361Z LTS
Spell Check	UNKNOWN STEP	2026-02-03T17:06:39.3058946Z ##[endgroup]
Spell Check	UNKNOWN STEP	2026-02-03T17:06:39.3059714Z ##[group]Runner Image
Spell Check	UNKNOWN STEP	2026-02-03T17:06:39.3060303Z Image: ubuntu-24.04
Spell Check	UNKNOWN STEP	2026-02-03T17:06:39.3060904Z Version: 20260126.10.1
Spell Check	UNKNOWN STEP	2026-02-03T17:06:39.3062066Z Included Software: https://github.com/actions/runner-images/blob/ubuntu24/20260126.10/images/ubuntu/Ubuntu2404-Readme.md
Spell Check	UNKNOWN STEP	2026-02-03T17:06:39.3063585Z Image Release: https://github.com/actions/runner-images/releases/tag/ubuntu24%2F20260126.10
Spell Check	UNKNOWN STEP	2026-02-03T17:06:39.3064482Z ##[endgroup]
Spell Check	UNKNOWN STEP	2026-02-03T17:06:39.3065581Z ##[group]GITHUB_TOKEN Permissions
Spell Check	UNKNOWN STEP	2026-02-03T17:06:39.3067401Z Contents: read
Spell Check	UNKNOWN STEP	2026-02-03T17:06:39.3067928Z Metadata: read
Spell Check	UNKNOWN STEP	2026-02-03T17:06:39.3068571Z Packages: read
Spell Check	UNKNOWN STEP	2026-02-03T17:06:39.3069045Z ##[endgroup]
Spell Check	UNKNOWN STEP	2026-02-03T17:06:39.3071467Z Secret source: Actions
Spell Check	UNKNOWN STEP	2026-02-03T17:06:39.3072267Z Prepare workflow directory
Spell Check	UNKNOWN STEP	2026-02-03T17:06:39.3402772Z Prepare all required actions
Spell Check	UNKNOWN STEP	2026-02-03T17:06:39.3440168Z Getting action download info
Spell Check	UNKNOWN STEP	2026-02-03T17:06:39.8173815Z Download action repository 'actions/checkout@v4' (SHA:34e114876b0b11c390a56381ad16ebd13914f8d5)
Spell Check	UNKNOWN STEP	2026-02-03T17:06:39.9417984Z Download action repository 'crate-ci/typos@master' (SHA:3141b83b6015e2521c29fa2a0ecd9eb7e0d9472e)
Spell Check	UNKNOWN STEP	2026-02-03T17:06:41.3686270Z Complete job name: Spell Check
Spell Check	UNKNOWN STEP	2026-02-03T17:06:41.4378549Z ##[group]Run actions/checkout@v4
Spell Check	UNKNOWN STEP	2026-02-03T17:06:41.4379658Z with:
Spell Check	UNKNOWN STEP	2026-02-03T17:06:41.4380144Z   repository: olivier-noblanc/HtopRust
Spell Check	UNKNOWN STEP	2026-02-03T17:06:41.4380883Z   token: ***
Spell Check	UNKNOWN STEP	2026-02-03T17:06:41.4381291Z   ssh-strict: true
Spell Check	UNKNOWN STEP	2026-02-03T17:06:41.4381707Z   ssh-user: git
Spell Check	UNKNOWN STEP	2026-02-03T17:06:41.4382126Z   persist-credentials: true
Spell Check	UNKNOWN STEP	2026-02-03T17:06:41.4382609Z   clean: true
Spell Check	UNKNOWN STEP	2026-02-03T17:06:41.4383023Z   sparse-checkout-cone-mode: true
Spell Check	UNKNOWN STEP	2026-02-03T17:06:41.4383523Z   fetch-depth: 1
Spell Check	UNKNOWN STEP	2026-02-03T17:06:41.4383943Z   fetch-tags: false
Spell Check	UNKNOWN STEP	2026-02-03T17:06:41.4384370Z   show-progress: true
Spell Check	UNKNOWN STEP	2026-02-03T17:06:41.4384806Z   lfs: false
Spell Check	UNKNOWN STEP	2026-02-03T17:06:41.4385215Z   submodules: false
Spell Check	UNKNOWN STEP	2026-02-03T17:06:41.4385674Z   set-safe-directory: true
Spell Check	UNKNOWN STEP	2026-02-03T17:06:41.4386407Z ##[endgroup]
Spell Check	UNKNOWN STEP	2026-02-03T17:06:41.5480998Z Syncing repository: olivier-noblanc/HtopRust
Spell Check	UNKNOWN STEP	2026-02-03T17:06:41.5482773Z ##[group]Getting Git version info
Spell Check	UNKNOWN STEP	2026-02-03T17:06:41.5483501Z Working directory is '/home/runner/work/HtopRust/HtopRust'
Spell Check	UNKNOWN STEP	2026-02-03T17:06:41.5484745Z [command]/usr/bin/git version
Spell Check	UNKNOWN STEP	2026-02-03T17:06:41.5577547Z git version 2.52.0
Spell Check	UNKNOWN STEP	2026-02-03T17:06:41.5603676Z ##[endgroup]
Spell Check	UNKNOWN STEP	2026-02-03T17:06:41.5624207Z Temporarily overriding HOME='/home/runner/work/_temp/37610d7e-ce62-4df3-8094-4325dde74a4d' before making global git config changes
Spell Check	UNKNOWN STEP	2026-02-03T17:06:41.5625661Z Adding repository directory to the temporary git global config as a safe directory
Spell Check	UNKNOWN STEP	2026-02-03T17:06:41.5629541Z [command]/usr/bin/git config --global --add safe.directory /home/runner/work/HtopRust/HtopRust
Spell Check	UNKNOWN STEP	2026-02-03T17:06:41.5669630Z Deleting the contents of '/home/runner/work/HtopRust/HtopRust'
Spell Check	UNKNOWN STEP	2026-02-03T17:06:41.5673841Z ##[group]Initializing the repository
Spell Check	UNKNOWN STEP	2026-02-03T17:06:41.5677610Z [command]/usr/bin/git init /home/runner/work/HtopRust/HtopRust
Spell Check	UNKNOWN STEP	2026-02-03T17:06:41.5806328Z hint: Using 'master' as the name for the initial branch. This default branch name
Spell Check	UNKNOWN STEP	2026-02-03T17:06:41.5808044Z hint: will change to "main" in Git 3.0. To configure the initial branch name
Spell Check	UNKNOWN STEP	2026-02-03T17:06:41.5809710Z hint: to use in all of your new repositories, which will suppress this warning,
Spell Check	UNKNOWN STEP	2026-02-03T17:06:41.5811101Z hint: call:
Spell Check	UNKNOWN STEP	2026-02-03T17:06:41.5811779Z hint:
Spell Check	UNKNOWN STEP	2026-02-03T17:06:41.5812907Z hint: 	git config --global init.defaultBranch <name>
Spell Check	UNKNOWN STEP	2026-02-03T17:06:41.5813884Z hint:
Spell Check	UNKNOWN STEP	2026-02-03T17:06:41.5814699Z hint: Names commonly chosen instead of 'master' are 'main', 'trunk' and
Spell Check	UNKNOWN STEP	2026-02-03T17:06:41.5815648Z hint: 'development'. The just-created branch can be renamed via this command:
Spell Check	UNKNOWN STEP	2026-02-03T17:06:41.5816449Z hint:
Spell Check	UNKNOWN STEP	2026-02-03T17:06:41.5817116Z hint: 	git branch -m <name>
Spell Check	UNKNOWN STEP	2026-02-03T17:06:41.5817619Z hint:
Spell Check	UNKNOWN STEP	2026-02-03T17:06:41.5818226Z hint: Disable this message with "git config set advice.defaultBranchName false"
Spell Check	UNKNOWN STEP	2026-02-03T17:06:41.5819257Z Initialized empty Git repository in /home/runner/work/HtopRust/HtopRust/.git/
Spell Check	UNKNOWN STEP	2026-02-03T17:06:41.5823261Z [command]/usr/bin/git remote add origin https://github.com/olivier-noblanc/HtopRust
Spell Check	UNKNOWN STEP	2026-02-03T17:06:41.5860436Z ##[endgroup]
Spell Check	UNKNOWN STEP	2026-02-03T17:06:41.5861812Z ##[group]Disabling automatic garbage collection
Spell Check	UNKNOWN STEP	2026-02-03T17:06:41.5865306Z [command]/usr/bin/git config --local gc.auto 0
Spell Check	UNKNOWN STEP	2026-02-03T17:06:41.5896427Z ##[endgroup]
Spell Check	UNKNOWN STEP	2026-02-03T17:06:41.5897720Z ##[group]Setting up auth
Spell Check	UNKNOWN STEP	2026-02-03T17:06:41.5904151Z [command]/usr/bin/git config --local --name-only --get-regexp core\.sshCommand
Spell Check	UNKNOWN STEP	2026-02-03T17:06:41.5935040Z [command]/usr/bin/git submodule foreach --recursive sh -c "git config --local --name-only --get-regexp 'core\.sshCommand' && git config --local --unset-all 'core.sshCommand' || :"
Spell Check	UNKNOWN STEP	2026-02-03T17:06:41.6337856Z [command]/usr/bin/git config --local --name-only --get-regexp http\.https\:\/\/github\.com\/\.extraheader
Spell Check	UNKNOWN STEP	2026-02-03T17:06:41.6369262Z [command]/usr/bin/git submodule foreach --recursive sh -c "git config --local --name-only --get-regexp 'http\.https\:\/\/github\.com\/\.extraheader' && git config --local --unset-all 'http.https://github.com/.extraheader' || :"
Spell Check	UNKNOWN STEP	2026-02-03T17:06:41.6588356Z [command]/usr/bin/git config --local --name-only --get-regexp ^includeIf\.gitdir:
Spell Check	UNKNOWN STEP	2026-02-03T17:06:41.6620774Z [command]/usr/bin/git submodule foreach --recursive git config --local --show-origin --name-only --get-regexp remote.origin.url
Spell Check	UNKNOWN STEP	2026-02-03T17:06:41.6842677Z [command]/usr/bin/git config --local http.https://github.com/.extraheader AUTHORIZATION: basic ***
Spell Check	UNKNOWN STEP	2026-02-03T17:06:41.6875181Z ##[endgroup]
Spell Check	UNKNOWN STEP	2026-02-03T17:06:41.6883724Z ##[group]Fetching the repository
Spell Check	UNKNOWN STEP	2026-02-03T17:06:41.6885106Z [command]/usr/bin/git -c protocol.version=2 fetch --no-tags --prune --no-recurse-submodules --depth=1 origin +0d358f6bc76830267c5b2aaf9629298f25ea6f74:refs/remotes/origin/master
Spell Check	UNKNOWN STEP	2026-02-03T17:06:42.3568219Z From https://github.com/olivier-noblanc/HtopRust
Spell Check	UNKNOWN STEP	2026-02-03T17:06:42.3570499Z  * [new ref]         0d358f6bc76830267c5b2aaf9629298f25ea6f74 -> origin/master
Spell Check	UNKNOWN STEP	2026-02-03T17:06:42.3604534Z ##[endgroup]
Spell Check	UNKNOWN STEP	2026-02-03T17:06:42.3605693Z ##[group]Determining the checkout info
Spell Check	UNKNOWN STEP	2026-02-03T17:06:42.3607114Z ##[endgroup]
Spell Check	UNKNOWN STEP	2026-02-03T17:06:42.3611689Z [command]/usr/bin/git sparse-checkout disable
Spell Check	UNKNOWN STEP	2026-02-03T17:06:42.3651273Z [command]/usr/bin/git config --local --unset-all extensions.worktreeConfig
Spell Check	UNKNOWN STEP	2026-02-03T17:06:42.3677150Z ##[group]Checking out the ref
Spell Check	UNKNOWN STEP	2026-02-03T17:06:42.3680742Z [command]/usr/bin/git checkout --progress --force -B master refs/remotes/origin/master
Spell Check	UNKNOWN STEP	2026-02-03T17:06:42.3776815Z Reset branch 'master'
Spell Check	UNKNOWN STEP	2026-02-03T17:06:42.3779568Z branch 'master' set up to track 'origin/master'.
Spell Check	UNKNOWN STEP	2026-02-03T17:06:42.3786129Z ##[endgroup]
Spell Check	UNKNOWN STEP	2026-02-03T17:06:42.3817868Z [command]/usr/bin/git log -1 --format=%H
Spell Check	UNKNOWN STEP	2026-02-03T17:06:42.3840153Z 0d358f6bc76830267c5b2aaf9629298f25ea6f74
Spell Check	UNKNOWN STEP	2026-02-03T17:06:42.4234828Z ##[group]Run crate-ci/typos@master
Spell Check	UNKNOWN STEP	2026-02-03T17:06:42.4235830Z with:
Spell Check	UNKNOWN STEP	2026-02-03T17:06:42.4236478Z   isolated: false
Spell Check	UNKNOWN STEP	2026-02-03T17:06:42.4237255Z   write_changes: false
Spell Check	UNKNOWN STEP	2026-02-03T17:06:42.4238028Z ##[endgroup]
Spell Check	UNKNOWN STEP	2026-02-03T17:06:42.4362096Z ##[group]Run $GITHUB_ACTION_PATH/action/entrypoint.sh
Spell Check	UNKNOWN STEP	2026-02-03T17:06:42.4363526Z [36;1m$GITHUB_ACTION_PATH/action/entrypoint.sh[0m
Spell Check	UNKNOWN STEP	2026-02-03T17:06:42.4402982Z shell: /usr/bin/bash --noprofile --norc -e -o pipefail {0}
Spell Check	UNKNOWN STEP	2026-02-03T17:06:42.4404238Z env:
Spell Check	UNKNOWN STEP	2026-02-03T17:06:42.4405105Z   INSTALL_DIR: .
Spell Check	UNKNOWN STEP	2026-02-03T17:06:42.4405841Z   INPUT_FILES: 
Spell Check	UNKNOWN STEP	2026-02-03T17:06:42.4406578Z   INPUT_EXTEND_IDENTIFIERS: 
Spell Check	UNKNOWN STEP	2026-02-03T17:06:42.4407458Z   INPUT_EXTEND_WORDS: 
Spell Check	UNKNOWN STEP	2026-02-03T17:06:42.4408254Z   INPUT_ISOLATED: false
Spell Check	UNKNOWN STEP	2026-02-03T17:06:42.4409089Z   INPUT_WRITE_CHANGES: false
Spell Check	UNKNOWN STEP	2026-02-03T17:06:42.4410321Z   INPUT_CONFIG: 
Spell Check	UNKNOWN STEP	2026-02-03T17:06:42.4411026Z ##[endgroup]
Spell Check	UNKNOWN STEP	2026-02-03T17:06:42.4576699Z Downloading 'typos' v1.43.1
Spell Check	UNKNOWN STEP	2026-02-03T17:06:42.4882297Z --2026-02-03 17:06:42--  https://github.com/crate-ci/typos/releases/download/v1.43.1/typos-v1.43.1-x86_64-unknown-linux-musl.tar.gz
Spell Check	UNKNOWN STEP	2026-02-03T17:06:42.5133581Z Resolving github.com (github.com)... 140.82.114.4
Spell Check	UNKNOWN STEP	2026-02-03T17:06:42.5861232Z Connecting to github.com (github.com)|140.82.114.4|:443... connected.
Spell Check	UNKNOWN STEP	2026-02-03T17:06:42.8086636Z HTTP request sent, awaiting response... 404 Not Found
Spell Check	UNKNOWN STEP	2026-02-03T17:06:42.8088298Z 2026-02-03 17:06:42 ERROR 404: Not Found.
Spell Check	UNKNOWN STEP	2026-02-03T17:06:42.8089283Z 
Spell Check	UNKNOWN STEP	2026-02-03T17:06:42.8118348Z ##[error]Process completed with exit code 8.
Spell Check	UNKNOWN STEP	2026-02-03T17:06:42.8344019Z Post job cleanup.
Spell Check	UNKNOWN STEP	2026-02-03T17:06:42.9302484Z [command]/usr/bin/git version
Spell Check	UNKNOWN STEP	2026-02-03T17:06:42.9338087Z git version 2.52.0
Spell Check	UNKNOWN STEP	2026-02-03T17:06:42.9384538Z Temporarily overriding HOME='/home/runner/work/_temp/c88ee0e6-f06a-48fb-ab67-509031e441a1' before making global git config changes
Spell Check	UNKNOWN STEP	2026-02-03T17:06:42.9389523Z Adding repository directory to the temporary git global config as a safe directory
Spell Check	UNKNOWN STEP	2026-02-03T17:06:42.9393309Z [command]/usr/bin/git config --global --add safe.directory /home/runner/work/HtopRust/HtopRust
Spell Check	UNKNOWN STEP	2026-02-03T17:06:42.9428464Z [command]/usr/bin/git config --local --name-only --get-regexp core\.sshCommand
Spell Check	UNKNOWN STEP	2026-02-03T17:06:42.9463432Z [command]/usr/bin/git submodule foreach --recursive sh -c "git config --local --name-only --get-regexp 'core\.sshCommand' && git config --local --unset-all 'core.sshCommand' || :"
Spell Check	UNKNOWN STEP	2026-02-03T17:06:42.9688804Z [command]/usr/bin/git config --local --name-only --get-regexp http\.https\:\/\/github\.com\/\.extraheader
Spell Check	UNKNOWN STEP	2026-02-03T17:06:42.9708818Z http.https://github.com/.extraheader
Spell Check	UNKNOWN STEP	2026-02-03T17:06:42.9721612Z [command]/usr/bin/git config --local --unset-all http.https://github.com/.extraheader
Spell Check	UNKNOWN STEP	2026-02-03T17:06:42.9752202Z [command]/usr/bin/git submodule foreach --recursive sh -c "git config --local --name-only --get-regexp 'http\.https\:\/\/github\.com\/\.extraheader' && git config --local --unset-all 'http.https://github.com/.extraheader' || :"
Spell Check	UNKNOWN STEP	2026-02-03T17:06:42.9990561Z [command]/usr/bin/git config --local --name-only --get-regexp ^includeIf\.gitdir:
Spell Check	UNKNOWN STEP	2026-02-03T17:06:43.0026297Z [command]/usr/bin/git submodule foreach --recursive git config --local --show-origin --name-only --get-regexp remote.origin.url
Spell Check	UNKNOWN STEP	2026-02-03T17:06:43.0388840Z Cleaning up orphan processes
